// Jest Snapshot v1, https://goo.gl/fbAQLP

exports[`Page starting state 1`] = `
Array [
  <div
    className="titlebar"
  >
    <div
      className="title"
    >
      StockTracker
    </div>
  </div>,
  <div
    style={
      Object {
        "marginBottom": "4px",
        "marginTop": "4px",
      }
    }
  >
    <div
      style={
        Object {
          "display": "flex",
        }
      }
    >
      <div
        style={
          Object {
            "border": "1px solid #7f7f7f",
            "borderRadius": "8px",
            "overflow": "hidden",
          }
        }
      >
        <div
          onClick={[Function]}
          style={
            Object {
              "backgroundColor": "blue",
              "borderLeft": null,
              "color": "#ffffff",
              "display": "inline-block",
              "padding": "4px 12px",
            }
          }
        >
          1m
        </div>
        <div
          onClick={[Function]}
          style={
            Object {
              "backgroundColor": "teal",
              "borderLeft": "1px solid #ffffff",
              "color": "#ffffff",
              "display": "inline-block",
              "padding": "4px 12px",
            }
          }
        >
          3m
        </div>
        <div
          onClick={[Function]}
          style={
            Object {
              "backgroundColor": "blue",
              "borderLeft": "1px solid #ffffff",
              "color": "#ffffff",
              "display": "inline-block",
              "padding": "4px 12px",
            }
          }
        >
          6m
        </div>
        <div
          onClick={[Function]}
          style={
            Object {
              "backgroundColor": "blue",
              "borderLeft": "1px solid #ffffff",
              "color": "#ffffff",
              "display": "inline-block",
              "padding": "4px 12px",
            }
          }
        >
          1y
        </div>
        <div
          onClick={[Function]}
          style={
            Object {
              "backgroundColor": "blue",
              "borderLeft": "1px solid #ffffff",
              "color": "#ffffff",
              "display": "inline-block",
              "padding": "4px 12px",
            }
          }
        >
          3y
        </div>
      </div>
      <div
        flex="1 1 0"
      />
    </div>
  </div>,
  <svg
    height={500}
    width={900}
  />,
  <div
    style={
      Object {
        "display": "flex",
      }
    }
  />,
  <form
    onSubmit={[Function]}
  >
    <label
      htmlFor="symbolText"
    >
      Symbol:
    </label>
     
    <input
      id="symbolText"
      onChange={[Function]}
      style={
        Object {
          "width": "60px",
        }
      }
      type="text"
      value=""
    />
     
    <button
      disabled={true}
      type="submit"
    >
      Track
    </button>
  </form>,
  <div>
    <div>
      Pending requests: 
      none
    </div>
    <div>
      Errors: 
      none
    </div>
  </div>,
]
`;
